// Jest Snapshot v1, https://goo.gl/fbAQLP

exports[`<HeaderComponent /> should match snapshot 1`] = `
ShallowWrapper {
  Symbol(enzyme.__root__): [Circular],
  Symbol(enzyme.__unrendered__): <HeaderComponent
    title="sample title"
  />,
  Symbol(enzyme.__renderer__): Object {
    "batchedUpdates": [Function],
    "getNode": [Function],
    "render": [Function],
    "simulateError": [Function],
    "simulateEvent": [Function],
    "unmount": [Function],
  },
  Symbol(enzyme.__node__): Object {
    "instance": null,
    "key": undefined,
    "nodeType": "class",
    "props": Object {
      "children": <WithStyles(Toolbar)>
        <WithStyles(Typography)
          color="inherit"
          component="h1"
          noWrap={true}
          variant="h6"
        >
          sample title
        </WithStyles(Typography)>
      </WithStyles(Toolbar)>,
      "position": "absolute",
    },
    "ref": null,
    "rendered": Object {
      "instance": null,
      "key": undefined,
      "nodeType": "class",
      "props": Object {
        "children": <WithStyles(Typography)
          color="inherit"
          component="h1"
          noWrap={true}
          variant="h6"
        >
          sample title
        </WithStyles(Typography)>,
      },
      "ref": null,
      "rendered": Object {
        "instance": null,
        "key": undefined,
        "nodeType": "class",
        "props": Object {
          "children": "sample title",
          "color": "inherit",
          "component": "h1",
          "noWrap": true,
          "variant": "h6",
        },
        "ref": null,
        "rendered": "sample title",
        "type": [Function],
      },
      "type": [Function],
    },
    "type": [Function],
  },
  Symbol(enzyme.__nodes__): Array [
    Object {
      "instance": null,
      "key": undefined,
      "nodeType": "class",
      "props": Object {
        "children": <WithStyles(Toolbar)>
          <WithStyles(Typography)
            color="inherit"
            component="h1"
            noWrap={true}
            variant="h6"
          >
            sample title
          </WithStyles(Typography)>
        </WithStyles(Toolbar)>,
        "position": "absolute",
      },
      "ref": null,
      "rendered": Object {
        "instance": null,
        "key": undefined,
        "nodeType": "class",
        "props": Object {
          "children": <WithStyles(Typography)
            color="inherit"
            component="h1"
            noWrap={true}
            variant="h6"
          >
            sample title
          </WithStyles(Typography)>,
        },
        "ref": null,
        "rendered": Object {
          "instance": null,
          "key": undefined,
          "nodeType": "class",
          "props": Object {
            "children": "sample title",
            "color": "inherit",
            "component": "h1",
            "noWrap": true,
            "variant": "h6",
          },
          "ref": null,
          "rendered": "sample title",
          "type": [Function],
        },
        "type": [Function],
      },
      "type": [Function],
    },
  ],
  Symbol(enzyme.__options__): Object {
    "adapter": ReactSixteenAdapter {
      "options": Object {
        "enableComponentDidUpdateOnSetState": true,
        "lifecycles": Object {
          "componentDidUpdate": Object {
            "onSetState": true,
          },
          "getDerivedStateFromProps": true,
          "getSnapshotBeforeUpdate": true,
          "setState": Object {
            "skipsComponentDidUpdateOnNullish": true,
          },
        },
      },
    },
  },
}
`;
